# Lang: Python
# runs: 10
# columns: median, average, min, max (milliseconds)

recurse:
  fib            :   1909.300,   1926.326,   1633.397,   2215.693
  ackermann      :     61.414,     62.838,     39.733,     98.661

float:
  leibniz        :    127.792,    126.996,    109.307,    154.799
  nbody          :   1052.026,   1055.440,   1004.855,   1127.899
  mandelbrot     :   1752.050,   1749.174,   1637.799,   1898.106
  matmul         :     35.643,     34.386,     21.955,     50.675

mathpipe:
  dft            :      7.514,     11.870,      6.279,     34.440
  stats          :     15.448,     18.167,     12.560,     33.097
  finance        :         --,         --,         --,         --
  memo           :     77.032,     75.568,     51.357,     96.164
  money          :         --,         --,         --,         --

math:
  sin            :    214.187,    214.265,    189.286,    247.361
  cos            :    220.368,    219.214,    194.983,    254.381
  tan            :    217.437,    219.697,    183.225,    303.283
  atan2          :    321.178,    329.354,    300.851,    381.688
  asin           :    218.720,    220.954,    200.897,    251.866
  acos           :    204.766,    206.874,    188.636,    229.313
  atan           :    227.542,    227.919,    194.045,    250.826
  exp            :    292.541,    296.682,    275.975,    325.786
  log            :    219.334,    223.552,    183.630,    263.717
  log10          :    207.895,    209.268,    183.890,    234.325
  pow            :    304.365,    309.047,    268.525,    356.082
  sqrt           :    208.183,    204.728,    167.477,    223.507
  float          :    147.371,    153.833,    100.754,    221.605
  int            :    126.690,    131.290,    100.660,    161.941
  fixed          :         --,         --,         --,         --
  simd           :    279.373,    281.854,    257.047,    319.316

list (Fixed):
  append         :      0.055,      0.056,      0.055,      0.059
  append_batch   :      0.005,      0.006,      0.005,      0.007
  prepend        :      0.356,      1.158,      0.355,      8.303
  copy           :      4.001,      4.955,      1.349,     13.306
  distinct       :      0.081,      0.082,      0.081,      0.092
  groupby        :      0.154,      0.155,      0.154,      0.158
  set            :      0.098,      0.099,      0.098,      0.107
  sort           :      0.001,      0.002,      0.001,      0.003
  sort_asc       :      1.303,      1.834,      1.237,      6.533
  sort_desc      :      1.281,      1.491,      1.253,      3.304
  sort_rand      :      2.090,      6.869,      2.084,     31.577
  all            :     10.150,     14.274,      9.629,     29.584
  any            :     15.131,     16.979,      9.981,     33.416
  chunks         :      1.888,      4.973,      1.793,     26.785
  contains       :      7.031,     10.247,      3.983,     29.382
  drop           :      0.337,      0.533,      0.329,      1.314
  filter         :     17.867,     20.813,     10.114,     45.707
  find           :      6.950,      9.884,      4.107,     30.988
  findIndex      :     29.078,     34.919,     22.869,     66.267
  findLastIndex  :     29.046,     32.885,     21.919,     57.102
  flatten        :      4.643,      6.602,      4.460,     20.398
  forEach        :      6.430,      8.479,      6.286,     27.041
  get            :      5.658,      5.945,      5.421,      9.108
  getOr          :      5.430,     10.386,      5.412,     29.931
  insert         :      0.263,      0.264,      0.263,      0.268
  mid            :      0.351,      0.352,      0.351,      0.353
  partition      :     10.232,     14.694,      9.834,     34.655
  reduce         :     27.329,     30.818,     19.925,     53.766
  reduceRight    :     27.997,     32.747,     21.209,     48.256
  removeAt       :      0.100,      0.100,      0.099,      0.103
  replace        :      4.579,      4.591,      4.503,      4.716
  sortBy         :      4.077,      7.922,      3.916,     28.144
  sum            :      2.591,      4.228,      2.562,     12.708
  take           :      0.368,      1.887,      0.367,     15.537
  transform      :      8.457,     11.418,      8.182,     25.374
  window         :      9.643,     11.572,      9.209,     27.352
  zip            :      1.897,      1.918,      1.882,      1.988

list (Dynamic):
  append         :      0.133,      0.133,      0.132,      0.139
  append_batch   :      0.005,      0.005,      0.005,      0.006
  prepend        :      0.446,      0.446,      0.443,      0.448
  copy           :      3.242,      4.796,      1.336,     25.174
  distinct       :      0.195,      0.226,      0.186,      0.431
  groupby        :      0.143,      0.144,      0.142,      0.150
  set            :      0.137,      0.137,      0.136,      0.139
  sort           :      0.002,      0.002,      0.002,      0.003
  sort_asc       :      1.585,      1.572,      1.521,      1.607
  sort_desc      :      1.601,      4.545,      1.538,     24.722
  sort_rand      :      3.509,      6.701,      3.372,     33.864
  all            :     12.283,     17.376,     10.971,     36.818
  any            :      0.045,      0.046,      0.045,      0.048
  chunks         :      1.780,      1.792,      1.777,      1.856
  contains       :      3.778,      5.771,      3.632,     18.087
  drop           :      0.329,      0.330,      0.329,      0.334
  filter         :      9.911,     16.154,      8.834,     42.022
  find           :      4.666,      8.195,      4.600,     38.998
  findIndex      :      2.654,      2.656,      2.591,      2.731
  findLastIndex  :     37.158,     35.674,     24.892,     49.520
  flatten        :      4.467,      9.592,      4.380,     24.475
  forEach        :      7.548,     12.076,      7.249,     30.303
  get            :      6.329,     11.369,      6.052,     31.828
  getOr          :      6.139,      6.167,      6.055,      6.325
  insert         :      0.327,      0.328,      0.326,      0.332
  mid            :      0.332,      0.332,      0.331,      0.333
  partition      :     12.585,     19.199,      8.820,     53.581
  reduce         :     85.626,     83.504,     65.446,    116.007
  reduceRight    :     85.921,     84.086,     55.971,    101.977
  removeAt       :      0.100,      0.100,      0.099,      0.102
  replace        :      4.423,      7.706,      4.237,     35.093
  sortBy         :      3.537,      3.490,      3.385,      3.555
  take           :      0.338,      1.537,      0.330,     12.337
  transform      :     16.925,     21.028,     15.622,     36.398
  window         :      9.606,     13.730,      9.239,     30.971
  zip            :      1.907,      4.202,      1.877,     18.742

listchurn:
  append         :      0.888,      0.884,      0.830,      0.905
  prepend        :      1.315,      1.304,      1.254,      1.346
  nested         :     14.806,     21.849,     10.783,     47.985

map:
  set            :      0.191,      0.191,      0.189,      0.194
  lookup         :      1.532,      6.031,      1.510,     40.152
  int_ops        :      1.918,      1.921,      1.913,      1.951
  str_ops        :      2.993,      5.217,      2.959,     25.269
  intkey         :      1.037,      1.307,      1.030,      2.348
  intchurn       :      0.008,      0.008,      0.008,      0.012
  listagg        :      0.333,      0.333,      0.326,      0.336

map (Fixed):
  set            :      0.027,      0.027,      0.026,      0.029
  get            :     14.480,     17.113,     10.031,     37.233
  getOr          :     11.441,     14.866,     11.081,     35.393
  hasKey         :      7.803,     12.758,      7.545,     51.629
  removeKey      :      0.052,      0.052,      0.052,      0.055
  keys           :      0.636,      0.637,      0.634,      0.643
  values         :      0.661,      0.659,      0.639,      0.668
  mapValues      :      0.431,      0.432,      0.430,      0.437
  merge          :      0.133,      0.134,      0.133,      0.139

map (Dynamic):
  set            :      0.068,      0.068,      0.068,      0.070
  get            :      1.013,      4.808,      1.011,     34.239
  getOr          :      1.159,      1.145,      1.108,      1.163
  hasKey         :      0.670,      0.664,      0.641,      0.672
  removeKey      :      0.104,      0.104,      0.103,      0.105
  keys           :      0.078,      0.078,      0.078,      0.079
  values         :      0.073,      0.073,      0.073,      0.075
  mapValues      :      0.172,      0.173,      0.171,      0.175
  merge          :      0.037,      0.037,      0.037,      0.038

map (key-Fixed):
  set            :      0.027,      0.027,      0.026,      0.027
  get            :     10.502,     17.219,     10.045,     40.631
  getOr          :     11.357,     16.045,     11.053,     36.924
  hasKey         :      7.572,     14.515,      7.469,     37.525
  removeKey      :      0.054,      0.055,      0.054,      0.057
  keys           :      0.661,      1.568,      0.633,      9.773
  values         :      0.634,      0.637,      0.629,      0.664
  mapValues      :      0.413,      0.413,      0.412,      0.416
  merge          :      0.128,      0.129,      0.128,      0.134

map (key-Dynamic):
  set            :      0.073,      0.074,      0.073,      0.079
  get            :      1.792,      1.793,      1.791,      1.797
  getOr          :      2.023,      5.324,      1.929,     21.132
  hasKey         :      2.325,      2.577,      1.574,      5.086
  removeKey      :      0.151,      0.152,      0.151,      0.159
  keys           :      0.077,      0.078,      0.077,      0.084
  values         :      0.078,      0.162,      0.077,      0.738
  mapValues      :      0.209,      0.227,      0.207,      0.380
  merge          :      0.077,      0.189,      0.051,      1.226

mapchurn:
  grow           :      1.463,      1.642,      1.422,      3.209
  churn          :      1.329,      1.328,      1.316,      1.336
  iterate        :      8.435,     11.006,      8.069,     26.250

set (Fixed):
  add            :      0.015,      0.015,      0.014,      0.018
  remove         :      0.035,      0.036,      0.035,      0.038
  contains       :      7.698,     12.037,      7.280,     22.917
  toList         :      0.437,      0.443,      0.433,      0.459
  toSet          :      0.062,      0.063,      0.062,      0.067
  union          :      0.079,      0.080,      0.079,      0.085
  intersection   :      0.069,      0.070,      0.069,      0.072
  difference     :      0.068,      0.068,      0.067,      0.070
  symmetricDifference:      0.083,      0.083,      0.083,      0.085
  isSubset       :      0.031,      0.031,      0.030,      0.033
  isSuperset     :      0.309,      0.310,      0.309,      0.311
  isDisjoint     :      0.055,      0.055,      0.055,      0.059

set (Dynamic):
  add            :      0.056,      0.057,      0.055,      0.067
  remove         :      0.118,      0.118,      0.118,      0.120
  contains       :      1.589,      2.361,      1.523,      5.922
  toList         :      0.064,      0.064,      0.064,      0.067
  toSet          :      0.027,      0.027,      0.026,      0.033
  union          :      0.047,      0.048,      0.047,      0.056
  intersection   :      0.034,      0.035,      0.034,      0.039
  difference     :      0.034,      0.034,      0.033,      0.039
  symmetricDifference:      0.042,      0.043,      0.042,      0.049
  isSubset       :      0.017,      0.017,      0.017,      0.018
  isSuperset     :      0.017,      0.017,      0.017,      0.018
  isDisjoint     :      0.017,      0.017,      0.017,      0.018

string:
  concat         :      0.043,      0.044,      0.043,      0.047
  case           :     40.063,     47.230,     29.813,     75.590
  search         :     88.907,     87.890,     65.356,    117.024
  slice          :     65.231,     64.228,     43.527,     94.512
  unicode        :      0.028,      0.031,      0.028,      0.058
  unibig         :      0.123,      0.126,      0.123,      0.144

strbuild:
  concat         :      1.732,      2.773,      1.661,     12.364
  join           :      0.308,      0.307,      0.298,      0.310
  splitjoin      :      7.252,     10.249,      6.800,     21.012
  clean          :      9.997,     14.521,      8.036,     29.726

bits:
  band           :    106.573,    109.318,     91.041,    143.072
  bor            :    109.614,    109.555,     87.831,    128.449
  bxor           :    109.445,    116.282,     73.775,    217.392
  bnot           :    108.884,    104.901,     81.756,    123.236
  sl             :    104.875,    105.860,     85.222,    136.076
  sr             :    111.176,    114.084,     87.036,    145.790
  sra            :    130.829,    132.748,     99.730,    169.639
  rl32           :    129.858,    132.760,    117.698,    151.638
  rr32           :    147.667,    149.603,    125.559,    192.836
  rl64           :    133.327,    139.139,    109.327,    195.538
  rr64           :    145.054,    153.690,    119.456,    205.347
  clz            :    123.022,    118.751,     80.891,    149.151
  ctz            :    124.868,    123.864,     86.633,    159.877
  popCount       :    134.819,    138.838,    112.183,    177.517
  bswap16        :    122.588,    122.164,     76.038,    156.376
  bswap32        :    182.644,    190.077,    151.976,    250.056
  bswap64        :    337.162,    337.610,    305.218,    380.890

encoding:
  base64         :      5.764,      8.697,      5.236,     19.020
  hex            :      0.017,      0.018,      0.017,      0.023
  percent        :      0.111,      0.127,      0.109,      0.272

datetime:
  civil          :      0.811,      0.812,      0.809,      0.823
  iso            :      2.006,      2.006,      1.991,      2.023

dispatch:
  union          :    723.879,    738.919,    672.677,    821.514
  trap           :     22.680,     26.523,     17.593,     38.644

crypto:
  sha256         :      0.064,      0.066,      0.064,      0.090
  sha512         :      0.092,      0.092,      0.091,      0.098
  hmac           :      0.150,      0.152,      0.149,      0.176
  pbkdf2         :      0.989,      1.119,      0.556,      2.513
  cte            :      1.285,      2.902,      1.137,     17.346
  churn          :     25.152,     25.048,     15.849,     35.846
  ed25519        :      1.168,      1.308,      1.161,      2.448

serialize:
  json           :      0.536,      0.539,      0.535,      0.565
  roundtrip      :      0.466,      0.466,      0.463,      0.469
  csv            :      1.306,      1.306,      1.302,      1.313

record:
  update         :      0.098,      0.098,      0.098,      0.100

bignum:
  modmul         :    308.497,    310.899,    281.125,    349.840
  modexp         :    196.247,    188.274,    137.226,    225.551

parse:
  csv            :      0.799,      1.884,      0.767,      5.259
  json           :      0.542,      0.466,      0.234,      0.748
  regex          :      0.016,      0.016,      0.016,      0.017

regexbench:
  compile        :      0.008,      0.008,      0.007,      0.010
  capture        :      0.019,      0.021,      0.019,      0.039
  alternation    :      0.015,      0.015,      0.015,      0.017
  replace        :      0.034,      0.034,      0.033,      0.034

io:
  write          :      2.751,      2.766,      2.732,      2.821
  read           :      1.530,      3.622,      1.143,     16.747
  readnum        :      1.835,      2.921,      1.642,     10.050
  buf_on         :      2.744,      3.357,      2.659,      6.300
  buf_off        :     55.404,     54.867,     38.787,     67.187
  format         :      7.624,      8.221,      7.308,     12.729
  binary         :      0.850,      0.806,      0.469,      1.066

vector:
  math           :    325.308,    335.373,    299.071,    404.879
  float          :    854.558,    853.134,    789.968,    913.106
  fixed          :         --,         --,         --,         --
  int            :    853.531,    855.045,    810.701,    909.432

arena:
  transient      :      0.369,      2.453,      0.189,     20.583
  mixed          :      0.444,      0.530,      0.203,      1.139
  growshrink     :      0.490,      0.554,      0.486,      1.131

scalarbench:
  roundtrip      :      0.014,      0.015,      0.014,      0.021
  classify       :     15.165,     19.294,     15.074,     39.912
  transform      :      1.327,      5.386,      1.324,     41.907
  listchurn      :     14.640,     16.289,      9.981,     25.962

width:
  ascii          :   3298.978,   3314.404,   3219.971,   3535.354
  mixed          :    151.713,    155.038,    136.054,    190.976
  churn          :      0.138,      0.149,      0.136,      0.236

pipeline:
  int            :    198.395,    195.539,    155.010,    245.463
  groupagg       :    137.290,    138.750,    127.041,    155.310
  str            :      0.090,      0.090,      0.089,      0.094

convert:
  int            :     18.087,     21.767,     14.216,     33.764
  float          :     67.596,     66.037,     40.288,     80.096

primes:
  primes         :      4.659,      7.113,      4.583,     29.087

thread:
  sum            :   2303.851,   2315.796,   2175.644,   2525.445
